
> dev-nexus@0.1.0 dev
> next dev

▲ Next.js 16.2.12 (Turbopack)
- Local:         http://localhost:3000
- Network:       http://192.168.207.83:3000
- Environments: .env.local
✓ Ready in 525ms

[notes] enabled 
[ai-assistant] enabled 
[file-vault] enabled 
[activity] enabled 
[projects] enabled 
 GET /dashboard 200 in 5.7s (next.js: 204ms, proxy.ts: 567ms, application-code: 4.9s)
[notes] enabled 
[ai-assistant] enabled 
[file-vault] enabled 
[activity] enabled 
[projects] enabled 
 GET /dashboard/gmail 200 in 1730ms (next.js: 1482ms, proxy.ts: 19ms, application-code: 229ms)
[notes] enabled 
[ai-assistant] enabled 
[file-vault] enabled 
[activity] enabled 
[projects] enabled 
 GET /api/modules/gmail/messages?filter=today 200 in 1948ms (next.js: 1755ms, proxy.ts: 7ms, application-code: 186ms)
[notes] enabled 
[ai-assistant] enabled 
[file-vault] enabled 
[activity] enabled 
[projects] enabled 
 GET /api/modules/gmail/messages?filter=recent 200 in 417ms (next.js: 198ms, proxy.ts: 38ms, application-code: 180ms)
[notes] enabled 
[ai-assistant] enabled 
[file-vault] enabled 
[activity] enabled 
[projects] enabled 
 GET /dashboard/gmail 200 in 1007ms (next.js: 145ms, proxy.ts: 26ms, application-code: 836ms)
[notes] enabled 
[ai-assistant] enabled 
[file-vault] enabled 
[activity] enabled 
[projects] enabled 
 GET /api/modules/gmail/messages?filter=today 200 in 148ms (next.js: 59ms, proxy.ts: 9ms, application-code: 80ms)
[notes] enabled 
[ai-assistant] enabled 
[file-vault] enabled 
[activity] enabled 
[projects] enabled 
 GET /api/modules/gmail/messages?filter=recent 200 in 129ms (next.js: 54ms, proxy.ts: 6ms, application-code: 70ms)
[notes] enabled 
[ai-assistant] enabled 
[file-vault] enabled 
[activity] enabled 
[projects] enabled 
[notes] enabled 
[ai-assistant] enabled 
[notes] enabled 
 GET /dashboard 200 in 1561ms (next.js: 10ms, proxy.ts: 15ms, application-code: 1536ms)
[file-vault] enabled 
[ai-assistant] enabled 
[activity] enabled 
[file-vault] enabled 
[projects] enabled 
[activity] enabled 
[projects] enabled 
 GET /dashboard 200 in 1407ms (next.js: 17ms, proxy.ts: 23ms, application-code: 1367ms)
 GET /dashboard 200 in 1643ms (next.js: 44ms, proxy.ts: 61ms, application-code: 1538ms)
[notes] enabled 
[ai-assistant] enabled 
[file-vault] enabled 
[activity] enabled 
[projects] enabled 
 GET /dashboard 200 in 1321ms (next.js: 13ms, proxy.ts: 21ms, application-code: 1286ms)
[notes] enabled 
[ai-assistant] enabled 
[file-vault] enabled 
[activity] enabled 
[projects] enabled 
 GET /dashboard 200 in 1309ms (next.js: 7ms, proxy.ts: 7ms, application-code: 1294ms)
[notes] enabled 
[ai-assistant] enabled 
[file-vault] enabled 
[activity] enabled 
[projects] enabled 
 GET /dashboard 200 in 1292ms (next.js: 13ms, proxy.ts: 17ms, application-code: 1261ms)
[notes] enabled 
[ai-assistant] enabled 
[file-vault] enabled 
[activity] enabled 
[projects] enabled 
 GET /dashboard/gmail 200 in 543ms (next.js: 95ms, proxy.ts: 12ms, application-code: 436ms)
[notes] enabled 
[ai-assistant] enabled 
[file-vault] enabled 
[activity] enabled 
[projects] enabled 
 GET /api/modules/gmail/messages?filter=today 200 in 194ms (next.js: 84ms, proxy.ts: 8ms, application-code: 102ms)
[notes] enabled 
[ai-assistant] enabled 
[file-vault] enabled 
[activity] enabled 
[projects] enabled 
 GET /api/modules/gmail/messages?filter=month 200 in 99ms (next.js: 7ms, proxy.ts: 6ms, application-code: 85ms)
[notes] enabled 
[ai-assistant] enabled 
[file-vault] enabled 
[activity] enabled 
[projects] enabled 
 GET /api/modules/gmail/messages?filter=all 200 in 337ms (next.js: 197ms, proxy.ts: 19ms, application-code: 121ms)
[notes] enabled 
[ai-assistant] enabled 
[file-vault] enabled 
[activity] enabled 
[projects] enabled 
 GET /api/modules/gmail/messages?filter=recent 200 in 104ms (next.js: 6ms, proxy.ts: 6ms, application-code: 91ms)
[notes] enabled 
[ai-assistant] enabled 
[file-vault] enabled 
[activity] enabled 
[projects] enabled 
 GET /dashboard/gmail 200 in 675ms (next.js: 126ms, proxy.ts: 18ms, application-code: 531ms)
[notes] enabled 
[ai-assistant] enabled 
[file-vault] enabled 
[activity] enabled 
[projects] enabled 
 GET /api/modules/gmail/messages?filter=today 200 in 162ms (next.js: 57ms, proxy.ts: 21ms, application-code: 84ms)
[notes] enabled 
[ai-assistant] enabled 
[file-vault] enabled 
[activity] enabled 
[projects] enabled 
 GET /dashboard/gmail 200 in 444ms (next.js: 61ms, proxy.ts: 8ms, application-code: 376ms)
[notes] enabled 
[ai-assistant] enabled 
[file-vault] enabled 
[activity] enabled 
[projects] enabled 
 GET /api/modules/gmail/messages?filter=today 200 in 137ms (next.js: 63ms, proxy.ts: 9ms, application-code: 64ms)
[notes] enabled 
[ai-assistant] enabled 
[file-vault] enabled 
[activity] enabled 
[projects] enabled 
 GET /dashboard/gmail 200 in 555ms (next.js: 139ms, proxy.ts: 16ms, application-code: 400ms)
[notes] enabled 
[ai-assistant] enabled 
[file-vault] enabled 
[activity] enabled 
[projects] enabled 
 GET /api/modules/gmail/messages?filter=today 200 in 164ms (next.js: 63ms, proxy.ts: 8ms, application-code: 93ms)
[gmail-sync] sync tick complete { seen: 300, new: 300, staleRemoved: 0 }
[gmail-sync] sync tick complete { seen: 300, new: 0, staleRemoved: 0 }
[gmail-sync] sync tick complete { seen: 300, new: 0, staleRemoved: 0 }
[gmail-sync] sync tick complete { seen: 300, new: 0, staleRemoved: 0 }
[gmail-sync] sync tick complete { seen: 300, new: 0, staleRemoved: 0 }
[notes] enabled 
[ai-assistant] enabled 
[file-vault] enabled 
[activity] enabled 
[projects] enabled 
 GET /dashboard/gmail 200 in 468ms (next.js: 140ms, proxy.ts: 16ms, application-code: 313ms)
[notes] enabled 
[ai-assistant] enabled 
[file-vault] enabled 
[activity] enabled 
[projects] enabled 
 GET /api/modules/gmail/messages?filter=today 200 in 190ms (next.js: 63ms, proxy.ts: 6ms, application-code: 121ms)
[notes] enabled 
[ai-assistant] enabled 
[file-vault] enabled 
[activity] enabled 
[projects] enabled 
 GET /api/modules/gmail/messages/12121 200 in 86ms (next.js: 8ms, proxy.ts: 8ms, application-code: 71ms)
[notes] enabled 
[ai-assistant] enabled 
[file-vault] enabled 
[activity] enabled 
[projects] enabled 
 GET /api/modules/gmail/messages/12120 200 in 368ms (next.js: 148ms, proxy.ts: 15ms, application-code: 205ms)
[notes] enabled 
[ai-assistant] enabled 
[file-vault] enabled 
[activity] enabled 
[projects] enabled 
 GET /api/modules/gmail/messages/12119 200 in 157ms (next.js: 65ms, proxy.ts: 8ms, application-code: 84ms)
[notes] enabled 
[ai-assistant] enabled 
[file-vault] enabled 
[activity] enabled 
[projects] enabled 
 GET /api/modules/gmail/messages?filter=recent 200 in 106ms (next.js: 5ms, proxy.ts: 6ms, application-code: 95ms)
[notes] enabled 
[ai-assistant] enabled 
[file-vault] enabled 
[activity] enabled 
[projects] enabled 
 GET /dashboard 200 in 1179ms (next.js: 9ms, proxy.ts: 13ms, application-code: 1157ms)
[notes] enabled 
[ai-assistant] enabled 
[file-vault] enabled 
[activity] enabled 
[projects] enabled 
 GET /dashboard/gmail?open=12118 200 in 391ms (next.js: 135ms, proxy.ts: 17ms, application-code: 240ms)
[notes] enabled 
[notes] enabled 
[ai-assistant] enabled 
[ai-assistant] enabled 
[file-vault] enabled 
[file-vault] enabled 
[activity] enabled 
[activity] enabled 
[projects] enabled 
[projects] enabled 
 GET /api/modules/gmail/messages?filter=today 200 in 252ms (next.js: 88ms, proxy.ts: 12ms, application-code: 151ms)
 GET /api/modules/gmail/messages/12118 200 in 269ms (next.js: 102ms, proxy.ts: 11ms, application-code: 156ms)
[gmail-sync] sync tick complete { seen: 300, new: 0, staleRemoved: 0 }
[notes] enabled 
[ai-assistant] enabled 
[file-vault] enabled 
[activity] enabled 
[projects] enabled 
 GET /api/modules/gmail/messages/12119 200 in 337ms (next.js: 148ms, proxy.ts: 12ms, application-code: 177ms)
[gmail-sync] sync tick complete { seen: 300, new: 0, staleRemoved: 0 }
[gmail-sync] sync tick complete { seen: 300, new: 0, staleRemoved: 0 }
[notes] enabled 
[ai-assistant] enabled 
[file-vault] enabled 
[notes] enabled 
[activity] enabled 
[ai-assistant] enabled 
[projects] enabled 
[file-vault] enabled 
[activity] enabled 
 GET /dashboard/gmail?open=12118 200 in 516ms (next.js: 65ms, proxy.ts: 8ms, application-code: 443ms)
[projects] enabled 
 GET /dashboard/gmail?open=12118 200 in 484ms (next.js: 33ms, proxy.ts: 29ms, application-code: 423ms)
[notes] enabled 
[ai-assistant] enabled 
[file-vault] enabled 
[activity] enabled 
[projects] enabled 
 GET /api/modules/gmail/messages/12118 200 in 219ms (next.js: 70ms, proxy.ts: 7ms, application-code: 141ms)
[notes] enabled 
[ai-assistant] enabled 
[file-vault] enabled 
[activity] enabled 
[projects] enabled 
 GET /api/modules/gmail/messages/12121 200 in 246ms (next.js: 127ms, proxy.ts: 12ms, application-code: 107ms)
[gmail-sync] sync tick complete { seen: 300, new: 0, staleRemoved: 0 }
[notes] enabled 
[ai-assistant] enabled 
[file-vault] enabled 
[activity] enabled 
[projects] enabled 
 GET /dashboard/gmail?open=12118 200 in 582ms (next.js: 146ms, proxy.ts: 17ms, application-code: 418ms)
[notes] enabled 
[notes] enabled 
[ai-assistant] enabled 
[ai-assistant] enabled 
[file-vault] enabled 
[file-vault] enabled 
[activity] enabled 
[activity] enabled 
[projects] enabled 
[projects] enabled 
 GET /api/modules/gmail/messages/12118 200 in 262ms (next.js: 91ms, proxy.ts: 30ms, application-code: 141ms)
 GET /api/modules/gmail/messages?filter=today 200 in 283ms (next.js: 93ms, proxy.ts: 39ms, application-code: 151ms)
[notes] enabled 
[ai-assistant] enabled 
[file-vault] enabled 
[activity] enabled 
[projects] enabled 
 GET /api/modules/gmail/messages/12121 200 in 209ms (next.js: 114ms, proxy.ts: 12ms, application-code: 83ms)
[gmail-sync] sync tick complete { seen: 300, new: 0, staleRemoved: 0 }
[gmail-sync] sync tick complete { seen: 300, new: 0, staleRemoved: 0 }
[gmail-sync] sync tick complete { seen: 300, new: 0, staleRemoved: 0 }
[gmail-sync] sync tick complete { seen: 300, new: 0, staleRemoved: 0 }
[gmail-sync] sync tick complete { seen: 300, new: 0, staleRemoved: 0 }
[gmail-sync] sync tick complete { seen: 300, new: 0, staleRemoved: 0 }
[gmail-sync] sync tick complete { seen: 300, new: 0, staleRemoved: 0 }
[gmail-sync] sync tick complete { seen: 300, new: 0, staleRemoved: 0 }
[gmail-sync] sync tick complete { seen: 300, new: 0, staleRemoved: 0 }
[gmail-sync] sync tick complete { seen: 300, new: 0, staleRemoved: 0 }
[gmail-sync] sync tick complete { seen: 300, new: 0, staleRemoved: 0 }
[gmail-sync] sync tick complete { seen: 300, new: 0, staleRemoved: 0 }
[gmail-sync] sync tick complete { seen: 300, new: 0, staleRemoved: 0 }
[gmail-sync] sync tick complete { seen: 300, new: 0, staleRemoved: 0 }
[gmail-sync] sync tick complete { seen: 300, new: 0, staleRemoved: 0 }
[gmail-sync] sync tick complete { seen: 300, new: 0, staleRemoved: 0 }
[gmail-sync] sync tick complete { seen: 300, new: 0, staleRemoved: 0 }
[gmail-sync] sync tick complete { seen: 300, new: 0, staleRemoved: 0 }
[gmail-sync] sync tick complete { seen: 300, new: 0, staleRemoved: 0 }
[gmail-sync] sync tick complete { seen: 300, new: 0, staleRemoved: 0 }
[gmail-sync] sync tick complete { seen: 300, new: 0, staleRemoved: 0 }
[gmail-sync] sync tick complete { seen: 300, new: 0, staleRemoved: 0 }
[gmail-sync] sync tick complete { seen: 300, new: 0, staleRemoved: 0 }
[notes] enabled 
[ai-assistant] enabled 
[file-vault] enabled 
[activity] enabled 
[projects] enabled 
 GET /dashboard 200 in 1172ms (next.js: 12ms, proxy.ts: 9ms, application-code: 1151ms)
[notes] enabled 
[ai-assistant] enabled 
[file-vault] enabled 
[activity] enabled 
[projects] enabled 
 GET /dashboard 200 in 827ms (next.js: 5ms, proxy.ts: 7ms, application-code: 816ms)
[notes] enabled 
[ai-assistant] enabled 
[file-vault] enabled 
[activity] enabled 
[projects] enabled 
 GET /dashboard/gmail?open=12114 200 in 217ms (next.js: 60ms, proxy.ts: 8ms, application-code: 148ms)
[notes] enabled 
[notes] enabled 
[ai-assistant] enabled 
[ai-assistant] enabled 
[file-vault] enabled 
[file-vault] enabled 
[activity] enabled 
[activity] enabled 
[projects] enabled 
[projects] enabled 
 GET /api/modules/gmail/messages/12114 200 in 183ms (next.js: 61ms, proxy.ts: 11ms, application-code: 111ms)
 GET /api/modules/gmail/messages?filter=today 200 in 185ms (next.js: 56ms, proxy.ts: 11ms, application-code: 117ms)
[notes] enabled 
[ai-assistant] enabled 
[file-vault] enabled 
[activity] enabled 
[projects] enabled 
 GET /api/modules/gmail/messages/12121 200 in 133ms (next.js: 62ms, proxy.ts: 13ms, application-code: 58ms)
[notes] enabled 
[ai-assistant] enabled 
[file-vault] enabled 
[activity] enabled 
[projects] enabled 
 GET /api/modules/gmail/messages/12119 200 in 132ms (next.js: 57ms, proxy.ts: 12ms, application-code: 63ms)
[notes] enabled 
[ai-assistant] enabled 
[file-vault] enabled 
[activity] enabled 
[projects] enabled 
 GET /api/modules/gmail/messages/12118 200 in 72ms (next.js: 4ms, proxy.ts: 4ms, application-code: 64ms)
[notes] enabled 
[ai-assistant] enabled 
[file-vault] enabled 
[activity] enabled 
[projects] enabled 
 GET /api/modules/gmail/messages/12119 200 in 120ms (next.js: 57ms, proxy.ts: 14ms, application-code: 50ms)
[notes] enabled 
[ai-assistant] enabled 
[file-vault] enabled 
[activity] enabled 
[projects] enabled 
 GET /api/modules/gmail/messages/12113 200 in 123ms (next.js: 58ms, proxy.ts: 12ms, application-code: 53ms)
[notes] enabled 
[ai-assistant] enabled 
[file-vault] enabled 
[activity] enabled 
[projects] enabled 
 GET /api/modules/gmail/messages/12112 200 in 76ms (next.js: 6ms, proxy.ts: 4ms, application-code: 66ms)
[notes] enabled 
[ai-assistant] enabled 
[file-vault] enabled 
[activity] enabled 
[projects] enabled 
 GET /api/modules/gmail/messages/12111 200 in 126ms (next.js: 58ms, proxy.ts: 15ms, application-code: 52ms)
[notes] enabled 
[ai-assistant] enabled 
[file-vault] enabled 
[activity] enabled 
[projects] enabled 
 GET /api/modules/gmail/messages?filter=month 200 in 313ms (next.js: 50ms, proxy.ts: 4ms, application-code: 258ms)
[notes] enabled 
[ai-assistant] enabled 
[file-vault] enabled 
[activity] enabled 
[projects] enabled 
 GET /api/modules/gmail/messages/12091 200 in 113ms (next.js: 51ms, proxy.ts: 7ms, application-code: 56ms)
[notes] enabled 
[ai-assistant] enabled 
[file-vault] enabled 
[activity] enabled 
[projects] enabled 
 GET /api/modules/gmail/messages/12089 200 in 119ms (next.js: 50ms, proxy.ts: 11ms, application-code: 59ms)
[gmail-sync] sync tick complete { seen: 300, new: 0, staleRemoved: 0 }
[notes] enabled 
[ai-assistant] enabled 
[file-vault] enabled 
[activity] enabled 
[projects] enabled 
 GET /api/modules/gmail/messages/12092 200 in 121ms (next.js: 53ms, proxy.ts: 12ms, application-code: 57ms)
[gmail-sync] sync tick complete { seen: 300, new: 0, staleRemoved: 0 }
[gmail-sync] sync tick complete { seen: 300, new: 0, staleRemoved: 0 }
✓ Compiled in 251ms
✓ Compiled in 89ms
[gmail-sync] sync tick complete { seen: 300, new: 0, staleRemoved: 0 }
✓ Compiled in 225ms
[gmail-sync] sync tick complete { seen: 300, new: 0, staleRemoved: 0 }
[notes] enabled 
[ai-assistant] enabled 
[file-vault] enabled 
[activity] enabled 
[projects] enabled 
 GET /dashboard/gmail?open=12114 200 in 313ms (next.js: 59ms, proxy.ts: 5ms, application-code: 248ms)
[notes] enabled 
[notes] enabled 
[ai-assistant] enabled 
[ai-assistant] enabled 
[file-vault] enabled 
[file-vault] enabled 
[activity] enabled 
[activity] enabled 
[projects] enabled 
[projects] enabled 
 GET /api/modules/gmail/messages?filter=today 200 in 177ms (next.js: 52ms, proxy.ts: 8ms, application-code: 117ms)
 GET /api/modules/gmail/messages/12114 200 in 179ms (next.js: 62ms, proxy.ts: 8ms, application-code: 109ms)
[gmail-sync] sync tick complete { seen: 300, new: 0, staleRemoved: 0 }
[notes] enabled 
[ai-assistant] enabled 
[file-vault] enabled 
[activity] enabled 
[projects] enabled 
 GET /dashboard/gmail?open=12114 200 in 289ms (next.js: 52ms, proxy.ts: 6ms, application-code: 231ms)
[notes] enabled 
[notes] enabled 
[ai-assistant] enabled 
[ai-assistant] enabled 
[file-vault] enabled 
[file-vault] enabled 
[activity] enabled 
[activity] enabled 
[projects] enabled 
[projects] enabled 
 GET /api/modules/gmail/messages/12114 200 in 188ms (next.js: 71ms, proxy.ts: 10ms, application-code: 107ms)
 GET /api/modules/gmail/messages?filter=today 200 in 191ms (next.js: 62ms, proxy.ts: 11ms, application-code: 119ms)
[gmail-sync] sync tick complete { seen: 300, new: 0, staleRemoved: 0 }
✓ Compiled in 325ms
[gmail-sync] sync tick complete { seen: 300, new: 0, staleRemoved: 0 }
✓ Compiled in 683ms
[notes] enabled 
[ai-assistant] enabled 
[notes] enabled 
[file-vault] enabled 
[activity] enabled 
[ai-assistant] enabled 
[file-vault] enabled 
[projects] enabled 
[notes] enabled 
[activity] enabled 
[ai-assistant] enabled 
 GET /dashboard/gmail?open=12114 200 in 933ms (next.js: 213ms, proxy.ts: 80ms, application-code: 640ms)
[projects] enabled 
[file-vault] enabled 
[activity] enabled 
[notes] enabled 
 GET /dashboard/gmail?open=12114 200 in 647ms (next.js: 36ms, proxy.ts: 36ms, application-code: 575ms)
[ai-assistant] enabled 
[projects] enabled 
[file-vault] enabled 
 GET /dashboard/gmail?open=12114 200 in 530ms (next.js: 34ms, proxy.ts: 44ms, application-code: 452ms)
[activity] enabled 
[projects] enabled 
 GET /dashboard/gmail?open=12114 200 in 446ms (next.js: 77ms, proxy.ts: 88ms, application-code: 280ms)
[notes] enabled 
[ai-assistant] enabled 
[file-vault] enabled 
[activity] enabled 
[projects] enabled 
 GET /api/modules/gmail/messages/12114 200 in 215ms (next.js: 122ms, proxy.ts: 17ms, application-code: 76ms)
✓ Compiled in 98ms
[gmail-sync] sync tick complete { seen: 300, new: 0, staleRemoved: 0 }
[gmail-sync] sync tick complete { seen: 300, new: 0, staleRemoved: 0 }
[notes] enabled 
[ai-assistant] enabled 
[file-vault] enabled 
[activity] enabled 
[projects] enabled 
 GET /dashboard/gmail?open=12114 200 in 1185ms (next.js: 61ms, proxy.ts: 7ms, application-code: 1117ms)
[notes] enabled 
[notes] enabled 
[ai-assistant] enabled 
[ai-assistant] enabled 
[file-vault] enabled 
[file-vault] enabled 
[activity] enabled 
[activity] enabled 
[projects] enabled 
[projects] enabled 
 GET /api/modules/gmail/messages/12114 200 in 269ms (next.js: 95ms, proxy.ts: 18ms, application-code: 156ms)
 GET /api/modules/gmail/messages?filter=today 200 in 277ms (next.js: 85ms, proxy.ts: 19ms, application-code: 173ms)
[notes] enabled 
[ai-assistant] enabled 
[file-vault] enabled 
[activity] enabled 
[projects] enabled 
 GET /api/modules/gmail/messages/12121 200 in 187ms (next.js: 104ms, proxy.ts: 16ms, application-code: 68ms)
[notes] enabled 
[ai-assistant] enabled 
[file-vault] enabled 
[activity] enabled 
[projects] enabled 
 GET /api/modules/gmail/messages/12120 200 in 66ms (next.js: 4ms, proxy.ts: 5ms, application-code: 57ms)
[gmail-sync] sync tick complete { seen: 300, new: 0, staleRemoved: 0 }
[notes] enabled 
[ai-assistant] enabled 
[file-vault] enabled 
[activity] enabled 
[projects] enabled 
 GET /api/search?q= 200 in 1025ms (next.js: 975ms, proxy.ts: 6ms, application-code: 44ms)
[notes] enabled 
[ai-assistant] enabled 
[file-vault] enabled 
[activity] enabled 
[projects] enabled 
 GET /api/search?q=sw 200 in 840ms (next.js: 3ms, proxy.ts: 6ms, application-code: 831ms)
[notes] enabled 
[ai-assistant] enabled 
[file-vault] enabled 
[activity] enabled 
[projects] enabled 
 GET /api/modules/gmail/messages/12119 200 in 174ms (next.js: 71ms, proxy.ts: 22ms, application-code: 81ms)
[notes] enabled 
[ai-assistant] enabled 
[file-vault] enabled 
[activity] enabled 
[projects] enabled 
 GET /api/modules/gmail/messages/12118 200 in 163ms (next.js: 70ms, proxy.ts: 16ms, application-code: 77ms)
[notes] enabled 
[ai-assistant] enabled 
[file-vault] enabled 
[activity] enabled 
[projects] enabled 
 GET /api/modules/gmail/messages/12117 200 in 165ms (next.js: 70ms, proxy.ts: 13ms, application-code: 82ms)
[notes] enabled 
[ai-assistant] enabled 
[file-vault] enabled 
[activity] enabled 
[projects] enabled 
 GET /api/modules/gmail/messages/12112 200 in 157ms (next.js: 70ms, proxy.ts: 14ms, application-code: 72ms)
[gmail-sync] sync tick complete { seen: 300, new: 0, staleRemoved: 0 }
[notes] enabled 
[ai-assistant] enabled 
[file-vault] enabled 
[activity] enabled 
[projects] enabled 
 GET /api/modules/gmail/messages?filter=recent 200 in 234ms (next.js: 80ms, proxy.ts: 5ms, application-code: 149ms)
[notes] enabled 
[ai-assistant] enabled 
[file-vault] enabled 
[activity] enabled 
[projects] enabled 
 GET /api/modules/gmail/messages/12116 200 in 70ms (next.js: 4ms, proxy.ts: 5ms, application-code: 61ms)
[notes] enabled 
[notes] enabled 
[ai-assistant] enabled 
[ai-assistant] enabled 
[file-vault] enabled 
[file-vault] enabled 
[activity] enabled 
[activity] enabled 
[projects] enabled 
[projects] enabled 
 GET /api/modules/gmail/messages?filter=today 200 in 206ms (next.js: 74ms, proxy.ts: 12ms, application-code: 120ms)
 GET /api/modules/gmail/messages/12114 200 in 210ms (next.js: 86ms, proxy.ts: 12ms, application-code: 112ms)
[notes] enabled 
[notes] enabled 
[ai-assistant] enabled 
[ai-assistant] enabled 
[file-vault] enabled 
[file-vault] enabled 
[activity] enabled 
[activity] enabled 
[projects] enabled 
[projects] enabled 
 GET /api/modules/gmail/messages?filter=today 200 in 166ms (next.js: 68ms, proxy.ts: 15ms, application-code: 83ms)
 GET /api/modules/gmail/messages/12114 200 in 167ms (next.js: 72ms, proxy.ts: 15ms, application-code: 80ms)
[notes] enabled 
[ai-assistant] enabled 
[file-vault] enabled 
[activity] enabled 
[projects] enabled 
 GET /dashboard 200 in 1059ms (next.js: 41ms, proxy.ts: 9ms, application-code: 1009ms)
[gmail-sync] sync tick complete { seen: 300, new: 0, staleRemoved: 0 }
[notes] enabled 
[ai-assistant] enabled 
[file-vault] enabled 
[activity] enabled 
[projects] enabled 
 GET /dashboard/gmail 200 in 270ms (next.js: 65ms, proxy.ts: 14ms, application-code: 192ms)
[notes] enabled 
[ai-assistant] enabled 
[file-vault] enabled 
[activity] enabled 
[projects] enabled 
 GET /api/modules/gmail/messages?filter=today 200 in 170ms (next.js: 65ms, proxy.ts: 6ms, application-code: 99ms)
[notes] enabled 
[ai-assistant] enabled 
[file-vault] enabled 
[activity] enabled 
[projects] enabled 
 GET /api/modules/gmail/messages/12121 200 in 122ms (next.js: 61ms, proxy.ts: 6ms, application-code: 54ms)
[notes] enabled 
[ai-assistant] enabled 
[file-vault] enabled 
[activity] enabled 
[projects] enabled 
 GET /api/modules/gmail/messages/12120 200 in 151ms (next.js: 71ms, proxy.ts: 13ms, application-code: 66ms)
[notes] enabled 
[ai-assistant] enabled 
[file-vault] enabled 
[activity] enabled 
[projects] enabled 
 GET /api/modules/gmail/messages?filter=recent 200 in 144ms (next.js: 58ms, proxy.ts: 6ms, application-code: 80ms)
[notes] enabled 
[ai-assistant] enabled 
[file-vault] enabled 
[activity] enabled 
[projects] enabled 
 GET /dashboard 200 in 979ms (next.js: 3ms, proxy.ts: 22ms, application-code: 954ms)
[gmail-sync] sync tick complete { seen: 300, new: 0, staleRemoved: 0 }
 GET /dashboard/secrets 200 in 1420ms (next.js: 1366ms, proxy.ts: 12ms, application-code: 41ms)
[notes] enabled 
[ai-assistant] enabled 
[file-vault] enabled 
[activity] enabled 
[projects] enabled 
 GET /api/modules/projects 200 in 133ms (next.js: 71ms, proxy.ts: 6ms, application-code: 55ms)
 GET /dashboard/secrets 200 in 43ms (next.js: 4ms, proxy.ts: 4ms, application-code: 35ms)
 GET /api/secrets/AI_PROVIDER_GROQ 200 in 923ms (next.js: 909ms, proxy.ts: 4ms, application-code: 10ms)
 GET /api/secrets/GITHUB_TOKEN 200 in 97ms (next.js: 76ms, proxy.ts: 13ms, application-code: 8ms)
[notes] enabled 
[ai-assistant] enabled 
[file-vault] enabled 
[activity] enabled 
[projects] enabled 
 GET /dashboard 200 in 1056ms (next.js: 3ms, proxy.ts: 5ms, application-code: 1048ms)
[notes] enabled 
[ai-assistant] enabled 
[file-vault] enabled 
[activity] enabled 
[projects] enabled 
 GET /dashboard/notes 200 in 265ms (next.js: 77ms, proxy.ts: 15ms, application-code: 173ms)
[notes] enabled 
[ai-assistant] enabled 
[file-vault] enabled 
[activity] enabled 
[projects] enabled 
 GET /api/modules/notes/6ab7af62b620203cccfd3382/related 200 in 187ms (next.js: 88ms, proxy.ts: 12ms, application-code: 87ms)
[notes] enabled 
[ai-assistant] enabled 
[file-vault] enabled 
[activity] enabled 
[projects] enabled 
 GET /api/modules/notes/6ab7af62b620203cccfd3382/related 200 in 76ms (next.js: 7ms, proxy.ts: 7ms, application-code: 63ms)
[notes] enabled 
[ai-assistant] enabled 
[file-vault] enabled 
[activity] enabled 
[projects] enabled 
 GET /api/modules/notes/6ab7af62b620203cccfd3382/related 200 in 136ms (next.js: 69ms, proxy.ts: 4ms, application-code: 64ms)
[notes] enabled 
[ai-assistant] enabled 
[file-vault] enabled 
[activity] enabled 
[projects] enabled 
 GET /api/modules/notes/6ab7af62b620203cccfd3382/related 200 in 69ms (next.js: 5ms, proxy.ts: 5ms, application-code: 59ms)
[notes] enabled 
[ai-assistant] enabled 
[file-vault] enabled 
[activity] enabled 
[projects] enabled 
 GET /dashboard 200 in 856ms (next.js: 5ms, proxy.ts: 13ms, application-code: 839ms)
[notes] enabled 
[ai-assistant] enabled 
[file-vault] enabled 
[activity] enabled 
[projects] enabled 
 GET /dashboard 200 in 1227ms (next.js: 5ms, proxy.ts: 7ms, application-code: 1216ms)
[gmail-sync] sync tick complete { seen: 300, new: 0, staleRemoved: 0 }
[gmail-sync] sync tick complete { seen: 300, new: 0, staleRemoved: 0 }
